* using log directory 'C:/Users/Kathrin Preuß/OneDrive/Dokumente/core-analytics/r-packages/corek/corek.Rcheck'
* using R version 4.6.1 (2026-06-24 ucrt)
* using platform: x86_64-w64-mingw32
* R was compiled by
    gcc.exe (GCC) 14.3.0
    GNU Fortran (GCC) 14.3.0
* running under: Windows 11 x64 (build 26200)
* using session charset: UTF-8
* current time: 2026-07-27 22:44:57 UTC
* using options '--no-manual --no-build-vignettes'
* checking for file 'corek/DESCRIPTION' ... OK
* this is package 'corek' version '0.2.0'
* package encoding: UTF-8
* checking package namespace information ... OK
* checking package dependencies ... OK
* checking if this is a source package ... OK
* checking if there is a namespace ... OK
* checking for executable files ... OK
* checking for hidden files and directories ... OK
* checking for portable file names ... OK
* checking whether package 'corek' can be installed ... OK
* checking installed package size ... OK
* checking package directory ... OK
* checking DESCRIPTION meta-information ... OK
* checking top-level files ... OK
* checking for left-over files ... OK
* checking index information ... OK
* checking package subdirectories ... OK
* checking code files for non-ASCII characters ... OK
* checking R files for syntax errors ... OK
* checking whether the package can be loaded ... OK
* checking whether the package can be loaded with stated dependencies ... OK
* checking whether the package can be unloaded cleanly ... OK
* checking whether the namespace can be loaded with stated dependencies ... OK
* checking whether the namespace can be unloaded cleanly ... OK
* checking loading without being on the library search path ... OK
* checking dependencies in R code ... OK
* checking S3 generic/method consistency ... OK
* checking replacement functions ... OK
* checking foreign function calls ... OK
* checking R code for possible problems ... OK
* checking Rd files ... OK
* checking Rd metadata ... NOTE
Rd-Dateien mit doppeltem Namen 'fit_k_axis':
  'fit_k_axis.Rd' 'k_factor_functions.Rd'
Rd-Dateien mit doppeltem Alias 'fit_k_axis':
  'fit_k_axis.Rd' 'k_factor_functions.Rd'
Rd-Dateien mit doppeltem Alias 'fit_pca_space':
  'fit_pca_space.Rd' 'k_factor_functions.Rd'
Rd-Dateien mit doppeltem Alias 'k_axis_movement':
  'k_axis_movement.Rd' 'k_factor_functions.Rd'
Rd-Dateien mit doppeltem Alias 'k_clean_numeric':
  'k_clean_numeric.Rd' 'k_factor_functions.Rd'
Rd-Dateien mit doppeltem Alias 'k_feature_contributions':
  'k_factor_functions.Rd' 'k_feature_contributions.Rd'
Rd-Dateien mit doppeltem Alias 'k_move_toward':
  'k_factor_functions.Rd' 'k_move_toward.Rd'
Rd-Dateien mit doppeltem Alias 'k_nearest_texts':
  'k_factor_functions.Rd' 'k_nearest_texts.Rd'
Rd-Dateien mit doppeltem Alias 'k_read_features':
  'k_factor_functions.Rd' 'k_read_features.Rd'
Rd-Dateien mit doppeltem Alias 'k_write_report':
  'k_factor_functions.Rd' 'k_write_report.Rd'
Rd-Dateien mit doppeltem Alias 'plot_k_axis_3d':
  'k_factor_functions.Rd' 'plot_k_axis_3d.Rd'
Rd-Dateien mit doppeltem Alias 'plot_k_axis_context_3d':
  'k_factor_functions.Rd' 'plot_k_axis_context_3d.Rd'
Rd-Dateien mit doppeltem Alias 'project_pca_space':
  'k_factor_functions.Rd' 'project_pca_space.Rd'
Rd-Dateien mit doppeltem Alias 'score_k_axis':
  'k_factor_functions.Rd' 'score_k_axis.Rd'
* checking Rd cross-references ... OK
* checking for missing documentation entries ... OK
* checking for code/documentation mismatches ... OK
* checking Rd \usage sections ... WARNING
Undokumentierte Argumente iRd Datei 'fit_k_axis.Rd'
  'reference_scores' 'pc_cols' 'orient'
Dokumentierte Argumente nicht in \usage der Rd Datei 'fit_k_axis.Rd':
  'scored_reference'

Undokumentierte Argumente iRd Datei 'fit_pca_space.Rd'
  'features' 'exclude'
Dokumentierte Argumente nicht in \usage der Rd Datei 'fit_pca_space.Rd':
  'data'

Undokumentierte Argumente iRd Datei 'k_analysis_columns.Rd'
  'n'
Dokumentierte Argumente nicht in \usage der Rd Datei 'k_analysis_columns.Rd':
  'data'

Undokumentierte Argumente iRd Datei 'k_nearest_texts.Rd'
  'query_text_id' 'pc_cols' 'pool' 'exclude_query'

Undokumentierte Argumente iRd Datei 'k_read_features.Rd'
  'text_id_col'

Undokumentierte Argumente iRd Datei 'k_write_report.Rd'
  'contributions' 'path' 'top_n'
Dokumentierte Argumente nicht in \usage der Rd Datei 'k_write_report.Rd':
  'contrib' 'output_path'

Undokumentierte Argumente iRd Datei 'plot_k_axis_context_3d.Rd'
  'label_reference' 'label_nearest' 'axis_scale' 'background_color'
  'reference_color' 'nearest_color' 'axis_color'

Undokumentierte Argumente iRd Datei 'project_pca_space.Rd'
  'features' 'fill_missing'
Dokumentierte Argumente nicht in \usage der Rd Datei 'project_pca_space.Rd':
  'data'

Undokumentierte Argumente iRd Datei 'score_k_axis.Rd'
  'scores'
Dokumentierte Argumente nicht in \usage der Rd Datei 'score_k_axis.Rd':
  'scored_data'

Functions with \usage entries need to have the appropriate \alias
entries, and all their arguments documented.
The \usage entries must correspond to syntactically valid R code.
See chapter 'Writing R documentation files' in the 'Writing R
Extensions' manual.
* checking Rd contents ... OK
* checking for unstated dependencies in examples ... OK
* checking examples ... OK
* checking for unstated dependencies in 'tests' ... OK
* checking tests ... OK
  Running 'testthat.R'
* DONE
Status: 1 WARNING, 1 NOTE
